[    0.000000] Linux version 4.15.0-156-generic (buildd@lcy01-amd64-008) (gcc version 7.5.0 (Ubuntu 7.5.0-3ubuntu1~18.04)) #163-Ubuntu SMP Thu Aug 19 23:31:58 UTC 2021 (Ubuntu 4.15.0-156.163-generic 4.15.18)
[    0.000000] Command line: BOOT_IMAGE=/boot/vmlinuz-4.15.0-156-generic root=LABEL=cloudimg-rootfs ro console=tty1 console=ttyS0
[    0.000000] KERNEL supported cpus:
[    0.000000]   Intel GenuineIntel
[    0.000000]   AMD AuthenticAMD
[    0.000000]   Centaur CentaurHauls
[    0.000000] x86/fpu: Supporting XSAVE feature 0x001: 'x87 floating point registers'
[    0.000000] x86/fpu: Supporting XSAVE feature 0x002: 'SSE registers'
[    0.000000] x86/fpu: Supporting XSAVE feature 0x004: 'AVX registers'
[    0.000000] x86/fpu: xstate_offset[2]:  576, xstate_sizes[2]:  256
[    0.000000] x86/fpu: Enabled xstate features 0x7, context size is 832 bytes, using 'standard' format.
[    0.000000] e820: BIOS-provided physical RAM map:
[    0.000000] BIOS-e820: [mem 0x0000000000000000-0x000000000009fbff] usable
[    0.000000] BIOS-e820: [mem 0x000000000009fc00-0x000000000009ffff] reserved
[    0.000000] BIOS-e820: [mem 0x00000000000f0000-0x00000000000fffff] reserved
[    0.000000] BIOS-e820: [mem 0x0000000000100000-0x000000003ffeffff] usable
[    0.000000] BIOS-e820: [mem 0x000000003fff0000-0x000000003fffffff] ACPI data
[    0.000000] BIOS-e820: [mem 0x00000000fec00000-0x00000000fec00fff] reserved
[    0.000000] BIOS-e820: [mem 0x00000000fee00000-0x00000000fee00fff] reserved
[    0.000000] BIOS-e820: [mem 0x00000000fffc0000-0x00000000ffffffff] reserved
[    0.000000] NX (Execute Disable) protection: active
[    0.000000] SMBIOS 2.5 present.
[    0.000000] DMI: innotek GmbH VirtualBox/VirtualBox, BIOS VirtualBox 12/01/2006
[    0.000000] Hypervisor detected: KVM
[    0.000000] e820: last_pfn = 0x3fff0 max_arch_pfn = 0x400000000
[    0.000000] MTRR: Disabled
[    0.000000] x86/PAT: MTRRs disabled, skipping PAT initialization too.
[    0.000000] CPU MTRRs all blank - virtualized system.
[    0.000000] x86/PAT: Configuration [0-7]: WB  WT  UC- UC  WB  WT  UC- UC  
[    0.000000] found SMP MP-table at [mem 0x0009fff0-0x0009ffff]
[    0.000000] Scanning 1 areas for low memory corruption
[    0.000000] RAMDISK: [mem 0x359cf000-0x36cdefff]
[    0.000000] ACPI: Early table checksum verification disabled
[    0.000000] ACPI: RSDP 0x00000000000E0000 000024 (v02 VBOX  )
[    0.000000] ACPI: XSDT 0x000000003FFF0030 00003C (v01 VBOX   VBOXXSDT 00000001 ASL  00000061)
[    0.000000] ACPI: FACP 0x000000003FFF00F0 0000F4 (v04 VBOX   VBOXFACP 00000001 ASL  00000061)
[    0.000000] ACPI: DSDT 0x000000003FFF0470 002325 (v02 VBOX   VBOXBIOS 00000002 INTL 20120111)
[    0.000000] ACPI: FACS 0x000000003FFF0200 000040
[    0.000000] ACPI: FACS 0x000000003FFF0200 000040
[    0.000000] ACPI: APIC 0x000000003FFF0240 00005C (v02 VBOX   VBOXAPIC 00000001 ASL  00000061)
[    0.000000] ACPI: SSDT 0x000000003FFF02A0 0001CC (v01 VBOX   VBOXCPUT 00000002 INTL 20120111)
[    0.000000] ACPI: Reserving FACP table memory at [mem 0x3fff00f0-0x3fff01e3]
[    0.000000] ACPI: Reserving DSDT table memory at [mem 0x3fff0470-0x3fff2794]
[    0.000000] ACPI: Reserving FACS table memory at [mem 0x3fff0200-0x3fff023f]
[    0.000000] ACPI: Reserving FACS table memory at [mem 0x3fff0200-0x3fff023f]
[    0.000000] ACPI: Reserving APIC table memory at [mem 0x3fff0240-0x3fff029b]
[    0.000000] ACPI: Reserving SSDT table memory at [mem 0x3fff02a0-0x3fff046b]
[    0.000000] No NUMA configuration found
[    0.000000] Faking a node at [mem 0x0000000000000000-0x000000003ffeffff]
[    0.000000] NODE_DATA(0) allocated [mem 0x3ffc5000-0x3ffeffff]
[    0.000000] kvm-clock: cpu 0, msr 0:3ff44001, primary cpu clock
[    0.000000] kvm-clock: Using msrs 4b564d01 and 4b564d00
[    0.000000] kvm-clock: using sched offset of 6734262256 cycles
[    0.000000] clocksource: kvm-clock: mask: 0xffffffffffffffff max_cycles: 0x1cd42e4dffb, max_idle_ns: 881590591483 ns
[    0.000000] Zone ranges:
[    0.000000]   DMA      [mem 0x0000000000001000-0x0000000000ffffff]
[    0.000000]   DMA32    [mem 0x0000000001000000-0x000000003ffeffff]
[    0.000000]   Normal   empty
[    0.000000]   Device   empty
[    0.000000] Movable zone start for each node
[    0.000000] Early memory node ranges
[    0.000000]   node   0: [mem 0x0000000000001000-0x000000000009efff]
[    0.000000]   node   0: [mem 0x0000000000100000-0x000000003ffeffff]
[    0.000000] Reserved but unavailable: 104 pages
[    0.000000] Initmem setup node 0 [mem 0x0000000000001000-0x000000003ffeffff]
[    0.000000] ACPI: PM-Timer IO Port: 0x4008
[    0.000000] IOAPIC[0]: apic_id 2, version 32, address 0xfec00000, GSI 0-23
[    0.000000] ACPI: INT_SRC_OVR (bus 0 bus_irq 0 global_irq 2 dfl dfl)
[    0.000000] ACPI: INT_SRC_OVR (bus 0 bus_irq 9 global_irq 9 low level)
[    0.000000] Using ACPI (MADT) for SMP configuration information
[    0.000000] smpboot: Allowing 2 CPUs, 0 hotplug CPUs
[    0.000000] PM: Registered nosave memory: [mem 0x00000000-0x00000fff]
[    0.000000] PM: Registered nosave memory: [mem 0x0009f000-0x0009ffff]
[    0.000000] PM: Registered nosave memory: [mem 0x000a0000-0x000effff]
[    0.000000] PM: Registered nosave memory: [mem 0x000f0000-0x000fffff]
[    0.000000] e820: [mem 0x40000000-0xfebfffff] available for PCI devices
[    0.000000] Booting paravirtualized kernel on KVM
[    0.000000] clocksource: refined-jiffies: mask: 0xffffffff max_cycles: 0xffffffff, max_idle_ns: 7645519600211568 ns
[    0.000000] random: get_random_bytes called from start_kernel+0x99/0x500 with crng_init=0
[    0.000000] setup_percpu: NR_CPUS:8192 nr_cpumask_bits:2 nr_cpu_ids:2 nr_node_ids:1
[    0.000000] percpu: Embedded 45 pages/cpu s147456 r8192 d28672 u1048576
[    0.000000] PV qspinlock hash table entries: 256 (order: 0, 4096 bytes)
[    0.000000] Built 1 zonelists, mobility grouping on.  Total pages: 257913
[    0.000000] Policy zone: DMA32
[    0.000000] Kernel command line: BOOT_IMAGE=/boot/vmlinuz-4.15.0-156-generic root=LABEL=cloudimg-rootfs ro console=tty1 console=ttyS0
[    0.000000] Memory: 982716K/1048120K available (12300K kernel code, 2483K rwdata, 4320K rodata, 2448K init, 2724K bss, 65404K reserved, 0K cma-reserved)
[    0.000000] SLUB: HWalign=64, Order=0-3, MinObjects=0, CPUs=2, Nodes=1
[    0.000000] Kernel/User page tables isolation: enabled
[    0.000000] ftrace: allocating 39466 entries in 155 pages
[    0.004000] Hierarchical RCU implementation.
[    0.004000] 	RCU restricting CPUs from NR_CPUS=8192 to nr_cpu_ids=2.
[    0.004000] 	Tasks RCU enabled.
[    0.004000] RCU: Adjusting geometry for rcu_fanout_leaf=16, nr_cpu_ids=2
[    0.004000] NR_IRQS: 524544, nr_irqs: 440, preallocated irqs: 16
[    0.004000] Console: colour VGA+ 80x25
[    0.004000] console [tty1] enabled
[    0.004000] console [ttyS0] enabled
[    0.004000] ACPI: Core revision 20170831
[    0.004000] ACPI: 2 ACPI AML tables successfully acquired and loaded
[    0.004000] APIC: Switch to symmetric I/O mode setup
[    0.004000] x2apic enabled
[    0.004000] Switched APIC routing to physical x2apic.
[    0.005471] ..TIMER: vector=0x30 apic1=0 pin1=2 apic2=-1 pin2=-1
[    0.008003] tsc: Detected 3096.000 MHz processor
[    0.009312] Calibrating delay loop (skipped) preset value.. 6192.00 BogoMIPS (lpj=12384000)
[    0.012004] pid_max: default: 32768 minimum: 301
[    0.012975] Security Framework initialized
[    0.013818] Yama: becoming mindful.
[    0.014563] AppArmor: AppArmor initialized
[    0.017494] Dentry cache hash table entries: 131072 (order: 8, 1048576 bytes)
[    0.020058] Inode-cache hash table entries: 65536 (order: 7, 524288 bytes)
[    0.021692] Mount-cache hash table entries: 2048 (order: 2, 16384 bytes)
[    0.024006] Mountpoint-cache hash table entries: 2048 (order: 2, 16384 bytes)
[    0.025645] Last level iTLB entries: 4KB 64, 2MB 8, 4MB 8
[    0.026874] Last level dTLB entries: 4KB 64, 2MB 0, 4MB 0, 1GB 4
[    0.028003] Spectre V1 : Mitigation: usercopy/swapgs barriers and __user pointer sanitization
[    0.029695] Spectre V2 : Mitigation: Full generic retpoline
[    0.032002] Spectre V2 : Spectre v2 / SpectreRSB mitigation: Filling RSB on context switch
[    0.033960] Speculative Store Bypass: Vulnerable
[    0.034937] SRBDS: Unknown: Dependent on hypervisor status
[    0.036002] MDS: Mitigation: Clear CPU buffers
[    0.037358] Freeing SMP alternatives memory: 36K
[    0.146941] smpboot: CPU0: Intel(R) Core(TM) i5-7267U CPU @ 3.10GHz (family: 0x6, model: 0x8e, stepping: 0x9)
[    0.148000] Performance Events: unsupported p6 CPU model 142 no PMU driver, software events only.
[    0.148036] Hierarchical SRCU implementation.
[    0.149754] NMI watchdog: Perf event create on CPU 0 failed with -2
[    0.152003] NMI watchdog: Perf NMI watchdog permanently disabled
[    0.153244] smp: Bringing up secondary CPUs ...
[    0.156053] x86: Booting SMP configuration:
[    0.157301] .... node  #0, CPUs:      #1
[    0.004000] kvm-clock: cpu 1, msr 0:3ff44041, secondary cpu clock
[    0.162021] smp: Brought up 1 node, 2 CPUs
[    0.162021] smpboot: Max logical packages: 1
[    0.164009] smpboot: Total of 2 processors activated (12384.00 BogoMIPS)
[    0.165918] devtmpfs: initialized
[    0.168044] x86/mm: Memory block size: 128MB
[    0.169108] evm: security.selinux
[    0.169820] evm: security.SMACK64
[    0.171021] evm: security.SMACK64EXEC
[    0.172008] evm: security.SMACK64TRANSMUTE
[    0.173526] evm: security.SMACK64MMAP
[    0.174377] evm: security.apparmor
[    0.175224] evm: security.ima
[    0.176007] evm: security.capability
[    0.180186] clocksource: jiffies: mask: 0xffffffff max_cycles: 0xffffffff, max_idle_ns: 7645041785100000 ns
[    0.184020] futex hash table entries: 512 (order: 3, 32768 bytes)
[    0.185844] pinctrl core: initialized pinctrl subsystem
[    0.188115] RTC time:  0:37:04, date: 09/16/21
[    0.189187] NET: Registered protocol family 16
[    0.190488] audit: initializing netlink subsys (disabled)
[    0.192045] audit: type=2000 audit(1631752631.984:1): state=initialized audit_enabled=0 res=1
[    0.192455] cpuidle: using governor ladder
[    0.196014] cpuidle: using governor menu
[    0.197237] ACPI: bus type PCI registered
[    0.198148] acpiphp: ACPI Hot Plug PCI Controller Driver version: 0.5
[    0.200126] PCI: Using configuration type 1 for base access
[    0.201389] HugeTLB registered 2.00 MiB page size, pre-allocated 0 pages
[    0.204097] ACPI: Added _OSI(Module Device)
[    0.205027] ACPI: Added _OSI(Processor Device)
[    0.206367] ACPI: Added _OSI(3.0 _SCP Extensions)
[    0.208006] ACPI: Added _OSI(Processor Aggregator Device)
[    0.209314] ACPI: Added _OSI(Linux-Dell-Video)
[    0.210228] ACPI: Added _OSI(Linux-Lenovo-NV-HDMI-Audio)
[    0.212004] ACPI: Added _OSI(Linux-HPI-Hybrid-Graphics)
[    0.214000] ACPI: Executed 1 blocks of module-level executable AML code
[    0.219086] ACPI: Interpreter enabled
[    0.220024] ACPI: (supports S0 S5)
[    0.221007] ACPI: Using IOAPIC for interrupt routing
[    0.222601] PCI: Using host bridge windows from ACPI; if necessary, use "pci=nocrs" and report a bug
[    0.224278] ACPI: Enabled 2 GPEs in block 00 to 07
[    0.237958] ACPI: PCI Root Bridge [PCI0] (domain 0000 [bus 00-ff])
[    0.239793] acpi PNP0A03:00: _OSC: OS supports [ASPM ClockPM Segments MSI]
[    0.240509] acpi PNP0A03:00: _OSC: not requesting OS control; OS requires [ExtendedConfig ASPM ClockPM MSI]
[    0.244020] acpi PNP0A03:00: fail to add MMCONFIG information, can't access extended PCI configuration space under this bridge.
[    0.248548] PCI host bridge to bus 0000:00
[    0.249465] pci_bus 0000:00: root bus resource [io  0x0000-0x0cf7 window]
[    0.252012] pci_bus 0000:00: root bus resource [io  0x0d00-0xffff window]
[    0.254158] pci_bus 0000:00: root bus resource [mem 0x000a0000-0x000bffff window]
[    0.256013] pci_bus 0000:00: root bus resource [mem 0x40000000-0xfdffffff window]
[    0.260011] pci_bus 0000:00: root bus resource [bus 00-ff]
[    0.267895] pci 0000:00:01.1: legacy IDE quirk: reg 0x10: [io  0x01f0-0x01f7]
[    0.268008] pci 0000:00:01.1: legacy IDE quirk: reg 0x14: [io  0x03f6]
[    0.272008] pci 0000:00:01.1: legacy IDE quirk: reg 0x18: [io  0x0170-0x0177]
[    0.276009] pci 0000:00:01.1: legacy IDE quirk: reg 0x1c: [io  0x0376]
[    0.305815] pci 0000:00:07.0: quirk: [io  0x4000-0x403f] claimed by PIIX4 ACPI
[    0.308095] pci 0000:00:07.0: quirk: [io  0x4100-0x410f] claimed by PIIX4 SMB
[    0.324009] ACPI: PCI Interrupt Link [LNKA] (IRQs 5 9 10 *11)
[    0.326996] ACPI: PCI Interrupt Link [LNKB] (IRQs 5 9 *10 11)
[    0.328363] ACPI: PCI Interrupt Link [LNKC] (IRQs 5 *9 10 11)
[    0.332387] ACPI: PCI Interrupt Link [LNKD] (IRQs 5 9 10 *11)
[    0.336752] SCSI subsystem initialized
[    0.340300] pci 0000:00:02.0: vgaarb: setting as boot VGA device
[    0.344000] pci 0000:00:02.0: vgaarb: VGA device added: decodes=io+mem,owns=io+mem,locks=none
[    0.344013] pci 0000:00:02.0: vgaarb: bridge control possible
[    0.348006] vgaarb: loaded
[    0.352055] ACPI: bus type USB registered
[    0.356043] usbcore: registered new interface driver usbfs
[    0.360020] usbcore: registered new interface driver hub
[    0.364115] usbcore: registered new device driver usb
[    0.368269] EDAC MC: Ver: 3.0.0
[    0.372731] PCI: Using ACPI for IRQ routing
[    0.376859] NetLabel: Initializing
[    0.380003] NetLabel:  domain hash size = 128
[    0.384004] NetLabel:  protocols = UNLABELED CIPSOv4 CALIPSO
[    0.388023] NetLabel:  unlabeled traffic allowed by default
[    0.392313] clocksource: Switched to clocksource kvm-clock
[    0.411281] VFS: Disk quotas dquot_6.6.0
[    0.415364] VFS: Dquot-cache hash table entries: 512 (order 0, 4096 bytes)
[    0.418036] AppArmor: AppArmor Filesystem Enabled
[    0.419847] pnp: PnP ACPI init
[    0.427830] pnp: PnP ACPI: found 3 devices
[    0.449530] clocksource: acpi_pm: mask: 0xffffff max_cycles: 0xffffff, max_idle_ns: 2085701024 ns
[    0.451683] NET: Registered protocol family 2
[    0.454397] IP idents hash table entries: 16384 (order: 5, 131072 bytes)
[    0.458486] TCP established hash table entries: 8192 (order: 4, 65536 bytes)
[    0.460554] TCP bind hash table entries: 8192 (order: 5, 131072 bytes)
[    0.462793] TCP: Hash tables configured (established 8192 bind 8192)
[    0.464936] UDP hash table entries: 512 (order: 2, 16384 bytes)
[    0.467819] UDP-Lite hash table entries: 512 (order: 2, 16384 bytes)
[    0.471187] NET: Registered protocol family 1
[    0.473526] pci 0000:00:00.0: Limiting direct PCI/PCI transfers
[    0.475160] pci 0000:00:01.0: Activating ISA DMA hang workarounds
[    0.476471] pci 0000:00:02.0: Video device with shadowed ROM at [mem 0x000c0000-0x000dffff]
[    0.479147] Unpacking initramfs...
[    1.234692] Freeing initrd memory: 19520K
[    1.236675] clocksource: tsc: mask: 0xffffffffffffffff max_cycles: 0x2ca08564bf3, max_idle_ns: 440795312460 ns
[    1.243286] platform rtc_cmos: registered platform RTC device (no PNP device found)
[    1.270662] Scanning for low memory corruption every 60 seconds
[    1.273186] Initialise system trusted keyrings
[    1.274278] Key type blacklist registered
[    1.275226] workingset: timestamp_bits=36 max_order=18 bucket_order=0
[    1.280626] zbud: loaded
[    1.282172] squashfs: version 4.0 (2009/01/31) Phillip Lougher
[    1.284973] fuse init (API version 7.26)
[    1.288404] Key type asymmetric registered
[    1.289438] Asymmetric key parser 'x509' registered
[    1.290466] Block layer SCSI generic (bsg) driver version 0.4 loaded (major 246)
[    1.292544] io scheduler noop registered
[    1.293769] io scheduler deadline registered
[    1.295305] io scheduler cfq registered (default)
[    1.297259] ACPI: AC Adapter [AC] (on-line)
[    1.298657] input: Power Button as /devices/LNXSYSTM:00/LNXPWRBN:00/input/input0
[    1.309948] ACPI: Power Button [PWRF]
[    1.341818] input: Sleep Button as /devices/LNXSYSTM:00/LNXSLPBN:00/input/input1
[    1.459057] ACPI: Sleep Button [SLPF]
[    1.518596] Serial: 8250/16550 driver, 32 ports, IRQ sharing enabled
[    1.531526] ACPI: Battery Slot [BAT0] (battery present)
[    1.542363] 00:02: ttyS0 at I/O 0x3f8 (irq = 4, base_baud = 115200) is a 16550A
[    1.554077] Linux agpgart interface v0.103
[    1.557410] loop: module loaded
[    1.560507] scsi host0: ata_piix
[    1.562845] scsi host1: ata_piix
[    1.565492] ata1: PATA max UDMA/33 cmd 0x1f0 ctl 0x3f6 bmdma 0xd000 irq 14
[    1.581075] ata2: PATA max UDMA/33 cmd 0x170 ctl 0x376 bmdma 0xd008 irq 15
[    1.599990] libphy: Fixed MDIO Bus: probed
[    1.602877] tun: Universal TUN/TAP device driver, 1.6
[    1.608836] PPP generic driver version 2.4.2
[    1.611188] ehci_hcd: USB 2.0 'Enhanced' Host Controller (EHCI) Driver
[    1.633407] ehci-pci: EHCI PCI platform driver
[    1.637560] ehci-platform: EHCI generic platform driver
[    1.645931] ohci_hcd: USB 1.1 'Open' Host Controller (OHCI) Driver
[    1.652492] ohci-pci: OHCI PCI platform driver
[    1.658242] ohci-platform: OHCI generic platform driver
[    1.665225] uhci_hcd: USB Universal Host Controller Interface driver
[    1.672515] i8042: PNP: PS/2 Controller [PNP0303:PS2K,PNP0f03:PS2M] at 0x60,0x64 irq 1,12
[    1.682744] serio: i8042 KBD port at 0x60,0x64 irq 1
[    1.688546] serio: i8042 AUX port at 0x60,0x64 irq 12
[    1.692401] mousedev: PS/2 mouse device common for all mice
[    1.700561] input: AT Translated Set 2 keyboard as /devices/platform/i8042/serio0/input/input2
[    1.706474] rtc_cmos rtc_cmos: rtc core: registered rtc_cmos as rtc0
[    1.708766] rtc_cmos rtc_cmos: alarms up to one day, 114 bytes nvram
[    1.711397] i2c /dev entries driver
[    1.713515] device-mapper: uevent: version 1.0.3
[    1.718673] device-mapper: ioctl: 4.37.0-ioctl (2017-09-20) initialised: dm-devel@redhat.com
[    1.723964] ledtrig-cpu: registered to indicate activity on CPUs
[    1.729253] NET: Registered protocol family 10
[    1.737572] Segment Routing with IPv6
[    1.739306] NET: Registered protocol family 17
[    1.742037] Key type dns_resolver registered
[    1.744490] mce: Using 0 MCE banks
[    1.746470] RAS: Correctable Errors collector initialized.
[    1.749521] sched_clock: Marking stable (1749481136, 0)->(2152181996, -402700860)
[    1.755008] registered taskstats version 1
[    1.768105] Loading compiled-in X.509 certificates
[    1.810632] Loaded X.509 cert 'Build time autogenerated kernel key: b39ba71f7e5bf175906d0a602aa7bdc709562f9b'
[    1.818649] Loaded X.509 cert 'Canonical Ltd. Live Patch Signing: 14df34d1a87cf37625abec039ef2bf521249b969'
[    1.823587] Loaded X.509 cert 'Canonical Ltd. Kernel Module Signing: 88f752e560a1e0737e31163a466ad7b70a850c19'
[    1.827710] zswap: loaded using pool lzo/zbud
[    1.833619] Key type big_key registered
[    1.835267] Key type trusted registered
[    1.838711] Key type encrypted registered
[    1.840000] AppArmor: AppArmor sha1 policy hashing enabled
[    1.842109] ima: No TPM chip found, activating TPM-bypass! (rc=-19)
[    1.844757] ima: Allocated hash algorithm: sha1
[    1.846336] evm: HMAC attrs: 0x1
[    1.847968]   Magic number: 5:797:607
[    1.849667] rtc_cmos rtc_cmos: setting system clock to 2021-09-16 00:37:05 UTC (1631752625)
[    1.852615] BIOS EDD facility v0.16 2004-Jun-25, 0 devices found
[    1.855008] EDD information not available.
[    1.860037] Freeing unused kernel image memory: 2448K
[    2.207004] Write protecting the kernel read-only data: 20480k
[    2.209255] Freeing unused kernel image memory: 2008K
[    2.211097] Freeing unused kernel image memory: 1824K
[    2.223284] x86/mm: Checked W+X mappings: passed, no W+X pages found.
[    2.264339] x86/mm: Checking user space page tables
[    2.373616] x86/mm: Checked W+X mappings: passed, no W+X pages found.
Loading, please wait...
starting version 237
[    3.212380] e1000: Intel(R) PRO/1000 Network Driver - version 7.3.21-k8-NAPI
[    3.218733] e1000: Copyright (c) 1999-2006 Intel Corporation.
[    3.252882] Fusion MPT base driver 3.04.20
[    3.256888] Copyright (c) 1999-2008 LSI Corporation
[    3.379127] Fusion MPT SPI Host driver 3.04.20
[    3.391949] AVX2 version of gcm_enc/dec engaged.
[    3.393884] AES CTR mode by8 optimization enabled
[    3.470263] input: ImExPS/2 Generic Explorer Mouse as /devices/platform/i8042/serio1/input/input4
[    4.068404] e1000 0000:00:03.0 eth0: (PCI:33MHz:32-bit) 02:82:2a:96:15:3b
[    4.081292] e1000 0000:00:03.0 eth0: Intel(R) PRO/1000 Network Connection
[    4.089469] e1000 0000:00:03.0 enp0s3: renamed from eth0
[    4.111457] mptbase: ioc0: Initiating bringup
[    4.220320] ioc0: LSI53C1030 A0: Capabilities={Initiator}
[    4.474277] scsi host2: ioc0: LSI53C1030 A0, FwRev=00000000h, Ports=1, MaxQ=256, IRQ=20
[    4.654602] scsi 2:0:0:0: Direct-Access     VBOX     HARDDISK         1.0  PQ: 0 ANSI: 5
[    5.241974] scsi target2:0:0: Beginning Domain Validation
[    5.247803] scsi target2:0:0: Domain Validation skipping write tests
[    5.251611] scsi target2:0:0: Ending Domain Validation
[    5.258506] scsi target2:0:0: asynchronous
[    5.267185] scsi 2:0:1:0: Direct-Access     VBOX     HARDDISK         1.0  PQ: 0 ANSI: 5
[    6.251400] scsi target2:0:1: Beginning Domain Validation
[    6.269900] random: fast init done
[    6.271542] scsi target2:0:1: Domain Validation skipping write tests
[    6.273599] scsi target2:0:1: Ending Domain Validation
[    6.275360] scsi target2:0:1: asynchronous
[    6.281779] random: systemd-udevd: uninitialized urandom read (16 bytes read)
[    6.283037] sd 2:0:0:0: Attached scsi generic sg0 type 0
[    6.374080] random: systemd-udevd: uninitialized urandom read (16 bytes read)
[    6.413975] sd 2:0:1:0: Attached scsi generic sg1 type 0
[    6.514789] random: systemd-udevd: uninitialized urandom read (16 bytes read)
[    6.533960] sd 2:0:0:0: [sda] 83886080 512-byte logical blocks: (42.9 GB/40.0 GiB)
[    6.564846] sd 2:0:0:0: [sda] Write Protect is off
[    6.567709] sd 2:0:1:0: [sdb] 20480 512-byte logical blocks: (10.5 MB/10.0 MiB)
[    6.568330] sd 2:0:0:0: [sda] Incomplete mode parameter data
[    6.575074] sd 2:0:0:0: [sda] Assuming drive cache: write through
[    6.575733] sd 2:0:1:0: [sdb] Write Protect is off
[    6.581790]  sda: sda1
[    6.590438] sd 2:0:1:0: [sdb] Incomplete mode parameter data
[    6.590714] sd 2:0:0:0: [sda] Attached SCSI disk
[    6.597418] sd 2:0:1:0: [sdb] Assuming drive cache: write through
[    6.610039] sd 2:0:1:0: [sdb] Attached SCSI disk
Begin: Loading essential drivers ... [    8.364140] raid6: sse2x1   gen()  9646 MB/s
[    8.412267] raid6: sse2x1   xor()  3433 MB/s
[    8.460180] raid6: sse2x2   gen() 10956 MB/s
[    8.520112] raid6: sse2x2   xor()  4724 MB/s
[    8.568150] raid6: sse2x4   gen()  5642 MB/s
[    8.620214] raid6: sse2x4   xor()  4977 MB/s
[    8.668266] raid6: avx2x1   gen() 10690 MB/s
[    8.716047] raid6: avx2x1   xor()  6711 MB/s
[    8.764131] raid6: avx2x2   gen() 15539 MB/s
[    8.812159] raid6: avx2x2   xor() 10066 MB/s
[    8.860225] raid6: avx2x4   gen() 16391 MB/s
[    8.908925] raid6: avx2x4   xor()  8062 MB/s
[    8.912036] raid6: using algorithm avx2x4 gen() 16391 MB/s
[    8.914786] raid6: .... xor() 8062 MB/s, rmw enabled
[    8.916728] raid6: using avx2x2 recovery algorithm
[    8.920579] xor: automatically using best checksumming function   avx       
[    8.931323] async_tx: api initialized (async)
done.
Begin: Running /scripts/init-premount ... done.
Begin: Mounting root file system ... Begin: Running /scripts/local-top ... done.
Begin: Running /scripts/local-premount ... [    9.083030] Btrfs loaded, crc32c=crc32c-intel
Scanning for Btrfs filesystems
done.
Warning: fsck not present, so skipping root file system
[    9.282019] EXT4-fs (sda1): INFO: recovery required on readonly filesystem
[    9.289942] EXT4-fs (sda1): write access will be enabled during recovery
[   10.059966] EXT4-fs (sda1): recovery complete
[   10.063553] EXT4-fs (sda1): mounted filesystem with ordered data mode. Opts: (null)
done.
Begin: Running /scripts/local-bottom ... done.
Begin: Running /scripts/init-bottom ... done.
[   10.270230] ip_tables: (C) 2000-2006 Netfilter Core Team
[   10.281608] systemd[1]: systemd 237 running in system mode. (+PAM +AUDIT +SELINUX +IMA +APPARMOR +SMACK +SYSVINIT +UTMP +LIBCRYPTSETUP +GCRYPT +GNUTLS +ACL +XZ +LZ4 +SECCOMP +BLKID +ELFUTILS +KMOD -IDN2 +IDN -PCRE2 default-hierarchy=hybrid)
[   10.289350] systemd[1]: Detected virtualization oracle.
[   10.298171] systemd[1]: Detected architecture x86-64.

Welcome to [1mUbuntu 18.04.5 LTS[0m!

[   10.305969] systemd[1]: Set hostname to <ubuntu-bionic>.
[   10.501682] random: crng init done
[   10.503473] random: 7 urandom warning(s) missed due to ratelimiting
[   13.342127] systemd[1]: Reached target System Time Synchronized.
[[0;32m  OK  [0m] Reached target System Time Synchronized.
[   13.345308] systemd[1]: Set up automount Arbitrary Executable File Formats File System Automount Point.
[[0;32m  OK  [0m] Set up automount Arbitrary Executabâ€¦rmats File System Automount Point.
[   13.350111] systemd[1]: Reached target Swap.
[[0;32m  OK  [0m] Reached target Swap.
[   13.382229] systemd[1]: Created slice System Slice.
[[0;32m  OK  [0m] Created slice System Slice.
[   13.479766] systemd[1]: Listening on LVM2 metadata daemon socket.
[[0;32m  OK  [0m] Listening on LVM2 metadata daemon socket.
[   13.515041] systemd[1]: Listening on Network Service Netlink Socket.
[[0;32m  OK  [0m] Listening on Network Service Netlink Socket.
[[0;32m  OK  [0m] Listening on /dev/initctl Compatibility Named Pipe.
[[0;32m  OK  [0m] Listening on Journal Socket.
         Mounting POSIX Message Queue File System...
[[0;32m  OK  [0m] Listening on LVM2 poll daemon socket.
[[0;32m  OK  [0m] Listening on Syslog Socket.
         Mounting Huge Pages File System...
[[0;32m  OK  [0m] Reached target User and Group Name Lookups.
[[0;32m  OK  [0m] Listening on Journal Socket (/dev/log).
[[0;32m  OK  [0m] Listening on udev Control Socket.
[[0;32m  OK  [0m] Listening on Device-mapper event daemon FIFOs.
[[0;32m  OK  [0m] Created slice User and Session Slice.
[[0;32m  OK  [0m] Listening on fsck to fsckd communication Socket.
         Starting Set the console keyboard layout...
         Starting Monitoring of LVM2 mirrorsâ€¦ng dmeventd or progress polling...
         Starting File System Check on Root Device...
[[0;32m  OK  [0m] Started Forward Password Requests to Wall Directory Watch.
         Mounting Kernel Debug File System...
[[0;32m  OK  [0m] Reached target Slices.
         Starting Create list of required stâ€¦ce nodes for the current kernel...
[[0;32m  OK  [0m] Listening on Journal Audit Socket.
         Starting Journal Service...
[[0;32m  OK  [0m] Created slice system-serial\x2dgetty.slice.
         Starting Load Kernel Modules...
[[0;32m  OK  [0m] Listening on udev Kernel Socket.
         Starting udev Coldplug all Devices...
         Starting Uncomplicated firewall...
[[0;32m  OK  [0m] Mounted POSIX Message Queue File System.
[[0;32m  OK  [0m] Mounted Huge Pages File System.
[[0;32m  OK  [0m] Started Journal Service.
[[0;32m  OK  [0m] Mounted Kernel Debug File System.
[[0;32m  OK  [0m] Started Create list of required staâ€¦vice nodes for the current kernel.
[[0;32m  OK  [0m] Started File System Check Daemon to report status.
         Starting Create Static Device Nodes in /dev...
[[0;32m  OK  [0m] Started udev Coldplug all Devices.
[[0;32m  OK  [0m] Started Uncomplicated firewall.
[[0;32m  OK  [0m] Started File System Check on Root Device.
         Starting Remount Root and Kernel File Systems...
[   14.306930] Loading iSCSI transport class v2.0-870.
[[0;32m  OK  [0m] Started Create Static Device Nodes in /dev.
[   14.405620] EXT4-fs (sda1): re-mounted. Opts: (null)
[[0;32m  OK  [0m] Started Remount Root and Kernel File Systems.
[   14.412365] iscsi: registered transport (tcp)
         Starting Load/Save Random Seed...
         Starting udev Kernel Device Manager...
         Starting Flush Journal to Persistent Storage...
[[0;32m  OK  [0m] Started Set the console keyboard layout.
[[0;32m  OK  [0m] Started Load/Save Random Seed.
[   14.521584] iscsi: registered transport (iser)
[[0;32m  OK  [0m] Started Load Kernel Modules.
         Mounting Kernel Configuration File System...
         Starting Apply Kernel Variables...
         Mounting FUSE Control File System...
[[0;32m  OK  [0m] Mounted Kernel Configuration File System.
[[0;32m  OK  [0m] Mounted FUSE Control File System.
[[0;32m  OK  [0m] Started LVM2 metadata daemon.
[   14.567874] systemd-journald[422]: Received request to flush runtime journal from PID 1
[[0;32m  OK  [0m] Started udev Kernel Device Manager.
[[0;32m  OK  [0m] Started Dispatch Password Requests to Console Directory Watch.
[[0;32m  OK  [0m] Reached target Local Encrypted Volumes.
[[0;32m  OK  [0m] Started Apply Kernel Variables.
[[0;32m  OK  [0m] Started Monitoring of LVM2 mirrors,â€¦sing dmeventd or progress polling.
[[0;32m  OK  [0m] Reached target Local File Systems (Pre).
[[0;32m  OK  [0m] Reached target Local File Systems.
         Starting Set console font and keymap...
         Starting AppArmor initialization...
         Starting ebtables ruleset management...
         Starting Tell Plymouth To Write Out Runtime Data...
[[0;32m  OK  [0m] Started Flush Journal to Persistent Storage.
         Starting Create Volatile Files and Directories...
[[0;32m  OK  [0m] Started Set console font and keymap.
[[0;32m  OK  [0m] Started Tell Plymouth To Write Out Runtime Data.
[[0;32m  OK  [0m] Started Create Volatile Files and Directories.
         Starting Update UTMP about System Boot/Shutdown...
[[0;32m  OK  [0m] Started Update UTMP about System Boot/Shutdown.
[[0;32m  OK  [0m] Started ebtables ruleset management.
[[0;32m  OK  [0m] Found device /dev/ttyS0.
[[0;32m  OK  [0m] Listening on Load/Save RF Kill Switch Status /dev/rfkill Watch.
[[0;32m  OK  [0m] Started AppArmor initialization.
         Starting Load AppArmor profiles managed internally by snapd...
         Starting Initial cloud-init job (pre-networking)...
[[0;32m  OK  [0m] Started Load AppArmor profiles managed internally by snapd.
[   18.378525] cloud-init[573]: Cloud-init v. 21.2-3-g899bfaa9-0ubuntu2~18.04.1 running 'init-local' at Thu, 16 Sep 2021 00:37:21 +0000. Up 18.08 seconds.
[[0;32m  OK  [0m] Started Initial cloud-init job (pre-networking).
[[0;32m  OK  [0m] Reached target Network (Pre).
         Starting Network Service...
[[0;32m  OK  [0m] Started Network Service.
         Starting Network Name Resolution...
         Starting Wait for Network to be Configured...
[[0;32m  OK  [0m] Started Network Name Resolution.
[[0;32m  OK  [0m] Reached target Host and Network Name Lookups.
[[0;32m  OK  [0m] Reached target Network.
[[0;32m  OK  [0m] Started Wait for Network to be Configured.
         Starting Initial cloud-init job (metadata service crawler)...
[   22.815967] cloud-init[699]: Cloud-init v. 21.2-3-g899bfaa9-0ubuntu2~18.04.1 running 'init' at Thu, 16 Sep 2021 00:37:25 +0000. Up 22.24 seconds.
[   22.828485] cloud-init[699]: ci-info: ++++++++++++++++++++++++++++++++++++++Net device info++++++++++++++++++++++++++++++++++++++
[   22.831975] cloud-init[699]: ci-info: +--------+------+----------------------------+---------------+--------+-------------------+
[   22.835121] cloud-init[699]: ci-info: | Device |  Up  |          Address           |      Mask     | Scope  |     Hw-Address    |
[   22.838856] cloud-init[699]: ci-info: +--------+------+----------------------------+---------------+--------+-------------------+
[   22.841242] cloud-init[699]: ci-info: | enp0s3 | True |         10.0.2.15          | 255.255.255.0 | global | 02:82:2a:96:15:3b |
[   22.844295] cloud-init[699]: ci-info: | enp0s3 | True | fe80::82:2aff:fe96:153b/64 |       .       |  link  | 02:82:2a:96:15:3b |
[   22.847241] cloud-init[699]: ci-info: |   lo   | True |         127.0.0.1          |   255.0.0.0   |  host  |         .         |
[   22.850563] cloud-init[699]: ci-info: |   lo   | True |          ::1/128           |       .       |  host  |         .         |
[   22.864495] cloud-init[699]: ci-info: +--------+------+----------------------------+---------------+--------+-------------------+
[   22.867867] cloud-init[699]: ci-info: ++++++++++++++++++++++++++++Route IPv4 info+++++++++++++++++++++++++++++
[   22.871110] cloud-init[699]: ci-info: +-------+-------------+----------+-----------------+-----------+-------+
[   22.873791] cloud-init[699]: ci-info: | Route | Destination | Gateway  |     Genmask     | Interface | Flags |
[   22.878317] cloud-init[699]: ci-info: +-------+-------------+----------+-----------------+-----------+-------+
[   22.881383] cloud-init[699]: ci-info: |   0   |   0.0.0.0   | 10.0.2.2 |     0.0.0.0     |   enp0s3  |   UG  |
[   22.884799] cloud-init[699]: ci-info: |   1   |   10.0.2.0  | 0.0.0.0  |  255.255.255.0  |   enp0s3  |   U   |
[   22.887343] cloud-init[699]: ci-info: |   2   |   10.0.2.2  | 0.0.0.0  | 255.255.255.255 |   enp0s3  |   UH  |
[   22.889570] cloud-init[699]: ci-info: +-------+-------------+----------+-----------------+-----------+-------+
[   22.892696] cloud-init[699]: ci-info: +++++++++++++++++++Route IPv6 info+++++++++++++++++++
[   22.901695] cloud-init[699]: ci-info: +-------+-------------+---------+-----------+-------+
[   22.903708] cloud-init[699]: ci-info: | Route | Destination | Gateway | Interface | Flags |
[   22.905057] cloud-init[699]: ci-info: +-------+-------------+---------+-----------+-------+
[   22.906715] cloud-init[699]: ci-info: |   1   |  fe80::/64  |    ::   |   enp0s3  |   U   |
[   22.909533] cloud-init[699]: ci-info: |   3   |    local    |    ::   |   enp0s3  |   U   |
[   22.914075] cloud-init[699]: ci-info: |   4   |   ff00::/8  |    ::   |   enp0s3  |   U   |
[   22.917376] cloud-init[699]: ci-info: +-------+-------------+---------+-----------+-------+
[[0;32m  OK  [0m] Started Initial cloud-init job (metadata service crawler).
[[0;32m  OK  [0m] Reached target Cloud-config availability.
[[0;32m  OK  [0m] Reached target Network is Online.
         Starting Availability of block devices...
[[0;32m  OK  [0m] Reached target Remote File Systems (Pre).
         Mounting /vagrant...
[[0;32m  OK  [0m] Reached target System Initialization.
[[0;32m  OK  [0m] Listening on UUID daemon activation socket.
[[0;32m  OK  [0m] Started Ubuntu Advantage update messaging.
[[0;32m  OK  [0m] Listening on ACPID Listen Socket.
[[0;32m  OK  [0m] Listening on Open-iSCSI iscsid Socket.
[[0;32m  OK  [0m] Listening on D-Bus System Message Bus Socket.
[[0;32m  OK  [0m] Started Discard unused blocks once a week.
[[0;32m  OK  [0m] Started ACPI Events Check.
[[0;32m  OK  [0m] Reached target Paths.
[[0;32m  OK  [0m] Started Daily Cleanup of Temporary Directories.
         Starting Socket activation for snappy daemon.
         Starting LXD - unix socket.
[[0;32m  OK  [0m] Started Daily apt download activities.
[[0;32m  OK  [0m] Started Daily apt upgrade and clean activities.
[[0;32m  OK  [0m] Started Message of the Day.
[[0;32m  OK  [0m] Reached target Timers.
[[0;32m  OK  [0m] Started Availability of block devices.
[[0;32m  OK  [0m] Mounted /vagrant.
[[0;32m  OK  [0m] Listening on Socket activation for snappy daemon.
[[0;32m  OK  [0m] Listening on LXD - unix socket.
[[0;32m  OK  [0m] Reached target Sockets.
[[0;32m  OK  [0m] Reached target Basic System.
[[0;32m  OK  [0m] Started D-Bus System Message Bus.
         Starting Login Service...
[[0;32m  OK  [0m] Started FUSE filesystem for LXC.
         Starting Message of the Day...
         Starting Ubuntu Advantage APT and MOTD Messages...
[[0;32m  OK  [0m] Started irqbalance daemon.
[[0;32m  OK  [0m] Started Regular background program processing daemon.
         Starting Virtualbox guest utils...
         Starting Accounts Service...
         Starting OpenBSD Secure Shell server...
         Starting LXD - container startup/shutdown...
         Starting System Logging Service...
         Starting LSB: Record successful boot for GRUB...
         Starting Dispatcher daemon for systemd-networkd...
[[0;32m  OK  [0m] Started Deferred execution scheduler.
         Starting Snap Daemon...
[[0;32m  OK  [0m] Reached target Remote File Systems.
         Starting Permit User Sessions...
         Starting LSB: automatic crash report generation...
[[0;32m  OK  [0m] Started System Logging Service.
[[0;32m  OK  [0m] Started Login Service.
[[0;32m  OK  [0m] Started Permit User Sessions.
         Starting Hold until boot process finishes up...
         Starting Terminate Plymouth Boot Screen...
         Starting Authorization Manager...
[[0;32m  OK  [0m] Started Unattended Upgrades Shutdown.
[[0;32m  OK  [0m] Started Hold until boot process finishes up.
[[0;32m  OK  [0m] Started Serial Getty on ttyS0.
         Starting Set console scheme...
[[0;32m  OK  [0m] Started Terminate Plymouth Boot Screen.
[[0;32m  OK  [0m] Started Set console scheme.
[[0;32m  OK  [0m] Created slice system-getty.slice.
[[0;32m  OK  [0m] Started Getty on tty1.
[[0;32m  OK  [0m] Reached target Login Prompts.
[[0;32m  OK  [0m] Started Authorization Manager.
[[0;32m  OK  [0m] Started Accounts Service.
[[0;32m  OK  [0m] Started LSB: automatic crash report generation.
[[0;32m  OK  [0m] Started LSB: Record successful boot for GRUB.
[[0;32m  OK  [0m] Started OpenBSD Secure Shell server.
[[0;32m  OK  [0m] Started Virtualbox guest utils.
[[0;32m  OK  [0m] Created slice User Slice of vagrant.
[[0;32m  OK  [0m] Started Dispatcher daemon for systemd-networkd.
[[0;32m  OK  [0m] Started Session 1 of user vagrant.
         Starting User Manager for UID 1000...
[[0;32m  OK  [0m] Started LXD - container startup/shutdown.
[[0;32m  OK  [0m] Started User Manager for UID 1000.
[[0;32m  OK  [0m] Started Snap Daemon.
         Starting Wait until snapd is fully seeded...
[[0;32m  OK  [0m] Started Wait until snapd is fully seeded.
         Starting Apply the settings specified in cloud-config...
[[0;32m  OK  [0m] Reached target Multi-User System.
[[0;32m  OK  [0m] Reached target Graphical Interface.
         Starting Update UTMP about System Runlevel Changes...
[[0;32m  OK  [0m] Started Update UTMP about System Runlevel Changes.
[[0;32m  OK  [0m] Started Ubuntu Advantage APT and MOTD Messages.
[   30.607408] cloud-init[1213]: Cloud-init v. 21.2-3-g899bfaa9-0ubuntu2~18.04.1 running 'modules:config' at Thu, 16 Sep 2021 00:37:34 +0000. Up 30.49 seconds.

Ubuntu 18.04.5 LTS ubuntu-bionic ttyS0

ubuntu-bionic login: [   31.471174] cloud-init[1296]: Cloud-init v. 21.2-3-g899bfaa9-0ubuntu2~18.04.1 running 'modules:final' at Thu, 16 Sep 2021 00:37:34 +0000. Up 31.28 seconds.
[   31.474126] cloud-init[1296]: Cloud-init v. 21.2-3-g899bfaa9-0ubuntu2~18.04.1 finished at Thu, 16 Sep 2021 00:37:35 +0000. Datasource DataSourceNoCloud [seed=/dev/sdb][dsmode=net].  Up 31.45 seconds
         Stopping LSB: automatic crash report generation...
[[0;32m  OK  [0m] Stopped LSB: automatic crash report generation.
         Starting LSB: automatic crash report generation...
[[0;32m  OK  [0m] Started LSB: automatic crash report generation.
[[0;32m  OK  [0m] Started Daily apt upgrade and clean activities.
